// Jest Snapshot v1, https://goo.gl/fbAQLP

exports[`EnhancedEmployeeScheduleScreen renders correctly with multiple shifts and ensures the last shift has proper styling 1`] = `
<RCTSafeAreaView
  style={
    [
      {
        "flex": 1,
      },
      {
        "alignItems": "center",
        "flex": 1,
        "justifyContent": "center",
        "padding": 20,
      },
      {
        "backgroundColor": "#F8F9FA",
      },
    ]
  }
>
  <ActivityIndicator
    color="#00A651"
    size="large"
  />
  <Text
    style={
      [
        {
          "fontSize": 16,
          "marginTop": 10,
        },
        {
          "color": "#2C3E50",
        },
      ]
    }
  >
    Loading Employees...
  </Text>
</RCTSafeAreaView>
`;
